[2023-11-04T14:26:04.864+0000] {taskinstance.py:1159} INFO - Dependencies all met for dep_context=non-requeueable deps ti=<TaskInstance: traffic_data.transform_data scheduled__2023-11-04T14:21:44.710474+00:00 [queued]>
[2023-11-04T14:26:04.900+0000] {taskinstance.py:1159} INFO - Dependencies all met for dep_context=requeueable deps ti=<TaskInstance: traffic_data.transform_data scheduled__2023-11-04T14:21:44.710474+00:00 [queued]>
[2023-11-04T14:26:04.900+0000] {taskinstance.py:1361} INFO - Starting attempt 1 of 2
[2023-11-04T14:26:04.938+0000] {taskinstance.py:1382} INFO - Executing <Task(PythonOperator): transform_data> on 2023-11-04 14:21:44.710474+00:00
[2023-11-04T14:26:04.949+0000] {standard_task_runner.py:57} INFO - Started process 877 to run task
[2023-11-04T14:26:04.957+0000] {standard_task_runner.py:84} INFO - Running: ['***', 'tasks', 'run', 'traffic_data', 'transform_data', 'scheduled__2023-11-04T14:21:44.710474+00:00', '--job-id', '402', '--raw', '--subdir', 'DAGS_FOLDER/script.py', '--cfg-path', '/tmp/tmpcznaqe04']
[2023-11-04T14:26:04.960+0000] {standard_task_runner.py:85} INFO - Job 402: Subtask transform_data
[2023-11-04T14:26:05.059+0000] {task_command.py:416} INFO - Running <TaskInstance: traffic_data.transform_data scheduled__2023-11-04T14:21:44.710474+00:00 [running]> on host b9e2239f59f9
[2023-11-04T14:26:05.251+0000] {taskinstance.py:1662} INFO - Exporting env vars: AIRFLOW_CTX_DAG_OWNER='***' AIRFLOW_CTX_DAG_ID='traffic_data' AIRFLOW_CTX_TASK_ID='transform_data' AIRFLOW_CTX_EXECUTION_DATE='2023-11-04T14:21:44.710474+00:00' AIRFLOW_CTX_TRY_NUMBER='1' AIRFLOW_CTX_DAG_RUN_ID='scheduled__2023-11-04T14:21:44.710474+00:00'
[2023-11-04T14:26:05.307+0000] {python.py:194} INFO - Done. Returned value was: {'message': '{"sourceUpdated": "2023-11-04T14:24:03Z", "results": [{"location": {"description": "Jalan Amal", "length": 1302.0, "olr": "CCkBEAAlJEYfnQKK2gAJBQQAAg0ACgUEAIoSAAEPA+0ACQUEAAJlADAAAA=="}, "currentFlow": {"speed": 11.111112, "speedUncapped": 11.111112, "freeFlow": 11.388889, "jamFactor": 0.4, "confidence": 0.73, "traversability": "open"}}, {"location": {"description": "Jalan Sunggal", "length": 24.0, "olr": "CCkBEAAlJEYiZQKLagAJBQQAAgEACgUEAIEPAAAGAIEACQUEAAKCADAAdw=="}, "currentFlow": {"speed": 6.111111, "speedUncapped": 6.111111, "freeFlow": 9.444445, "jamFactor": 3.2, "confidence": 0.7, "traversability": "open"}}, {"location": {"description": "Jalan Pinang Baris/Jalan Pam Tirtanadi Sunggal", "length": 1765.0, "olr": "CCkBEAAlJEYiagKLawAJBQQDA7cACgUEA41nAPn1/pEACQUEAwM/ADAAAA=="}, "currentFlow": {"speed": 10.0, "speedUncapped": 10.0, "freeFlow": 10.555556, "jamFactor": 0.4, "confidence": 0.71, "traversability": "open"}}, {"location": {"description": "Jalan Patriot", "length": 570.0, "olr": "CCkBEAAlJEYidgKMmwAJBQQDA8YACgUEA4RoAP3bAEMACQUEAwNFADAuAA=="}, "currentFlow": {"speed": 6.388889, "speedUncapped": 6.388889, "freeFlow": 11.388889, "jamFactor": 3.4, "confidence": 0.82, "traversability": "open"}}, {"location": {"description": "Jalan Sunggal", "length": 46.0, "olr": "CCgBEAAkI0YiagKLawAJBQQAAoUACgQDAEMA//v/wwAJBQQAAgMAMAAW"}, "currentFlow": {"speed": 3.888889, "speedUncapped": 3.888889, "freeFlow": 13.888889, "jamFactor": 2.7, "confidence": 0.94, "traversability": "open"}}, {"location": {"description": "Jalan Gagak Hitam/Jalan Ring Road", "length": 1736.0, "olr": "CCkBEAAlJEYfmQKKwAAJBQQDAz8ACgUEA41nAAYLAW8ACQUEAwO3ADAdAA=="}, "currentFlow": {"speed": 7.5, "speedUncapped": 7.5, "freeFlow": 11.111112, "jamFactor": 2.9, "confidence": 0.75, "traversability": "open", "subSegments": [{"length": 1143.0, "speed": 8.611112, "speedUncapped": 8.611112, "freeFlow": 10.555556, "jamFactor": 1.6, "confidence": 0.75, "traversability": "open"}, {"length": 429.0, "speed": 5.277778, "speedUncapped": 5.277778, "freeFlow": 12.222222, "jamFactor": 7.4, "confidence": 0.75, "traversability": "open"}, {"length": 163.0, "speed": 10.277778, "speedUncapped": 10.277778, "freeFlow": 13.333334, "jamFactor": 2.0, "confidence": 0.75, "traversability": "open"}]}}, {"location": {"description": "Jalan Sunggal", "length": 1750.0, "olr": "CCkBEAAlJEYiUQKIjgAJBQQAAgAACgUEAI1PAAArBiQACQUEAAKEADAAAA=="}, "currentFlow": {"speed": 8.333334, "speedUncapped": 8.333334, "freeFlow": 12.222222, "jamFactor": 2.2, "confidence": 0.71, "traversability": "open"}}, {"location": {"description": "Jalan Sekolah Pembangunan", "length": 999.0, "olr": "CCkBEAAlJEYggAKIoQAJBQQAAvYACgUEAIgwAP3FAsEACQUEAAJXADAATA=="}, "currentFlow": {"speed": 9.444445, "speedUncapped": 9.444445, "freeFlow": 10.0, "jamFactor": 0.9, "confidence": 0.7, "traversability": "open"}}, {"location": {"description": "Jalan Sunggal", "length": 1370.0, "olr": "CCkBEAAlJEYgHwKMsAAJBQQAAmUACgUEAIpWAP7g+9gACQUEAAILADAAAA=="}, "currentFlow": {"speed": 9.166667, "speedUncapped": 9.166667, "freeFlow": 11.388889, "jamFactor": 2.8, "confidence": 0.74, "traversability": "open"}}, {"location": {"description": "Jalan Amal/Jalan Merak", "length": 704.0, "olr": "CCkBEAAlJEYiZQKLagAJBQQAAgEACgUEAIVXAAAlAo4ACQUEAAKEADAYAA=="}, "currentFlow": {"speed": 8.055555, "speedUncapped": 8.055555, "freeFlow": 11.388889, "jamFactor": 1.9, "confidence": 0.71, "traversability": "open"}}, {"location": {"description": "Jalan Bunga Asoka", "length": 1704.0, "olr": "CCkBEAAlJEYiaQKLYwAJBQQAAoEACgUEAI06AP/X+ewACQUEAAIAADAZAA=="}, "currentFlow": {"speed": 8.333334, "speedUncapped": 8.333334, "freeFlow": 11.944445, "jamFactor": 2.8, "confidence": 0.9, "traversability": "open", "subSegments": [{"length": 1210.0, "speed": 9.166667, "speedUncapped": 9.166667, "freeFlow": 11.944445, "jamFactor": 2.0, "confidence": 0.9, "traversability": "open"}, {"length": 494.0, "speed": 6.666667, "speedUncapped": 6.666667, "freeFlow": 12.222222, "jamFactor": 4.2, "confidence": 0.9, "traversability": "open"}]}}, {"location": {"description": "Jalan Gagak Hitam/Jalan Ring Road", "length": 759.0, "olr": "CCkBEAAlJEYjogKLqQAJBQQDA7gACgUEA4V3AP1i/3sACQUEAwM2ADAAAA=="}, "currentFlow": {"speed": 6.9444447, "speedUncapped": 6.9444447, "freeFlow": 10.0, "jamFactor": 1.9, "confidence": 0.75, "traversability": "open"}}, {"location": {"description": "Jalan Sunggal", "length": 725.0, "olr": "CCkBEAAlJEYiewKMmwAJBQQAAoIACgUEAIVSAP/b/XUACQUEAAIBADAAAA=="}, "currentFlow": {"speed": 3.888889, "speedUncapped": 3.888889, "freeFlow": 11.388889, "jamFactor": 8.4, "confidence": 0.88, "traversability": "open", "subSegments": [{"length": 202.0, "speed": 6.666667, "speedUncapped": 6.666667, "freeFlow": 10.277778, "jamFactor": 3.3, "confidence": 0.88, "traversability": "open"}, {"length": 271.0, "speed": 5.0, "speedUncapped": 5.0, "freeFlow": 12.5, "jamFactor": 7.9, "confidence": 0.88, "traversability": "open"}, {"length": 253.0, "speed": 2.5, "speedUncapped": 2.5, "freeFlow": 11.388889, "jamFactor": 9.0, "confidence": 0.88, "traversability": "open"}]}}, {"location": {"description": "Jalan Bunga Asoka", "length": 954.0, "olr": "CCkBEAAlJEYfpQKJzgAJBQQAAloACgUEAIc4AAHe/XsACQUEAAL2ADAAAA=="}, "currentFlow": {"speed": 10.277778, "speedUncapped": 10.277778, "freeFlow": 10.555556, "jamFactor": 0.4, "confidence": 0.7, "traversability": "open"}}, {"location": {"description": "Jalan Rajawali", "length": 759.0, "olr": "CCkBEAAlJEYiagKLawAJBQQDAzYACgUEA4V3AAKeAIUACQUEAwO4ADAAAA=="}, "currentFlow": {"speed": 9.444445, "speedUncapped": 9.444445, "freeFlow": 10.277778, "jamFactor": 0.6, "confidence": 0.7, "traversability": "open"}}, {"location": {"description": "Jalan Gagak Hitam", "length": 627.0, "olr": "CCkBEAAlJEYhdwKMugAJBQQDA0UACgUEA4RzAAIu/7wACQUEAwPEADAAAA=="}, "currentFlow": {"speed": 7.777778, "speedUncapped": 7.777778, "freeFlow": 10.0, "jamFactor": 1.1, "confidence": 0.72, "traversability": "open"}}]}'}
[2023-11-04T14:26:05.583+0000] {taskinstance.py:1400} INFO - Marking task as SUCCESS. dag_id=traffic_data, task_id=transform_data, execution_date=20231104T142144, start_date=20231104T142604, end_date=20231104T142605
[2023-11-04T14:26:05.705+0000] {local_task_job_runner.py:228} INFO - Task exited with return code 0
[2023-11-04T14:26:15.845+0000] {taskinstance.py:2784} INFO - Skipping mini scheduling run due to exception: None
Traceback (most recent call last):
  File "/home/airflow/.local/lib/python3.8/site-packages/sqlalchemy/engine/base.py", line 3371, in _wrap_pool_connect
    return fn()
  File "/home/airflow/.local/lib/python3.8/site-packages/sqlalchemy/pool/base.py", line 327, in connect
    return _ConnectionFairy._checkout(self)
  File "/home/airflow/.local/lib/python3.8/site-packages/sqlalchemy/pool/base.py", line 894, in _checkout
    fairy = _ConnectionRecord.checkout(pool)
  File "/home/airflow/.local/lib/python3.8/site-packages/sqlalchemy/pool/base.py", line 493, in checkout
    rec = pool._do_get()
  File "/home/airflow/.local/lib/python3.8/site-packages/sqlalchemy/pool/impl.py", line 256, in _do_get
    return self._create_connection()
  File "/home/airflow/.local/lib/python3.8/site-packages/sqlalchemy/pool/base.py", line 273, in _create_connection
    return _ConnectionRecord(self)
  File "/home/airflow/.local/lib/python3.8/site-packages/sqlalchemy/pool/base.py", line 388, in __init__
    self.__connect()
  File "/home/airflow/.local/lib/python3.8/site-packages/sqlalchemy/pool/base.py", line 691, in __connect
    pool.logger.debug("Error on connect(): %s", e)
  File "/home/airflow/.local/lib/python3.8/site-packages/sqlalchemy/util/langhelpers.py", line 70, in __exit__
    compat.raise_(
  File "/home/airflow/.local/lib/python3.8/site-packages/sqlalchemy/util/compat.py", line 211, in raise_
    raise exception
  File "/home/airflow/.local/lib/python3.8/site-packages/sqlalchemy/pool/base.py", line 686, in __connect
    self.dbapi_connection = connection = pool._invoke_creator(self)
  File "/home/airflow/.local/lib/python3.8/site-packages/sqlalchemy/engine/create.py", line 574, in connect
    return dialect.connect(*cargs, **cparams)
  File "/home/airflow/.local/lib/python3.8/site-packages/sqlalchemy/engine/default.py", line 598, in connect
    return self.dbapi.connect(*cargs, **cparams)
  File "/home/airflow/.local/lib/python3.8/site-packages/psycopg2/__init__.py", line 122, in connect
    conn = _connect(dsn, connection_factory=connection_factory, **kwasync)
psycopg2.OperationalError: could not translate host name "postgres" to address: Temporary failure in name resolution


The above exception was the direct cause of the following exception:

Traceback (most recent call last):
  File "/home/airflow/.local/lib/python3.8/site-packages/airflow/models/taskinstance.py", line 2733, in schedule_downstream_tasks
    dag_run = with_row_locks(
  File "/home/airflow/.local/lib/python3.8/site-packages/sqlalchemy/orm/query.py", line 2870, in one
    return self._iter().one()
  File "/home/airflow/.local/lib/python3.8/site-packages/sqlalchemy/orm/query.py", line 2916, in _iter
    result = self.session.execute(
  File "/home/airflow/.local/lib/python3.8/site-packages/sqlalchemy/orm/session.py", line 1716, in execute
    conn = self._connection_for_bind(bind)
  File "/home/airflow/.local/lib/python3.8/site-packages/sqlalchemy/orm/session.py", line 1555, in _connection_for_bind
    return self._transaction._connection_for_bind(
  File "/home/airflow/.local/lib/python3.8/site-packages/sqlalchemy/orm/session.py", line 750, in _connection_for_bind
    conn = bind.connect()
  File "/home/airflow/.local/lib/python3.8/site-packages/sqlalchemy/future/engine.py", line 406, in connect
    return super(Engine, self).connect()
  File "/home/airflow/.local/lib/python3.8/site-packages/sqlalchemy/engine/base.py", line 3325, in connect
    return self._connection_cls(self, close_with_result=close_with_result)
  File "/home/airflow/.local/lib/python3.8/site-packages/sqlalchemy/engine/base.py", line 96, in __init__
    else engine.raw_connection()
  File "/home/airflow/.local/lib/python3.8/site-packages/sqlalchemy/engine/base.py", line 3404, in raw_connection
    return self._wrap_pool_connect(self.pool.connect, _connection)
  File "/home/airflow/.local/lib/python3.8/site-packages/sqlalchemy/engine/base.py", line 3374, in _wrap_pool_connect
    Connection._handle_dbapi_exception_noconnection(
  File "/home/airflow/.local/lib/python3.8/site-packages/sqlalchemy/engine/base.py", line 2208, in _handle_dbapi_exception_noconnection
    util.raise_(
  File "/home/airflow/.local/lib/python3.8/site-packages/sqlalchemy/util/compat.py", line 211, in raise_
    raise exception
  File "/home/airflow/.local/lib/python3.8/site-packages/sqlalchemy/engine/base.py", line 3371, in _wrap_pool_connect
    return fn()
  File "/home/airflow/.local/lib/python3.8/site-packages/sqlalchemy/pool/base.py", line 327, in connect
    return _ConnectionFairy._checkout(self)
  File "/home/airflow/.local/lib/python3.8/site-packages/sqlalchemy/pool/base.py", line 894, in _checkout
    fairy = _ConnectionRecord.checkout(pool)
  File "/home/airflow/.local/lib/python3.8/site-packages/sqlalchemy/pool/base.py", line 493, in checkout
    rec = pool._do_get()
  File "/home/airflow/.local/lib/python3.8/site-packages/sqlalchemy/pool/impl.py", line 256, in _do_get
    return self._create_connection()
  File "/home/airflow/.local/lib/python3.8/site-packages/sqlalchemy/pool/base.py", line 273, in _create_connection
    return _ConnectionRecord(self)
  File "/home/airflow/.local/lib/python3.8/site-packages/sqlalchemy/pool/base.py", line 388, in __init__
    self.__connect()
  File "/home/airflow/.local/lib/python3.8/site-packages/sqlalchemy/pool/base.py", line 691, in __connect
    pool.logger.debug("Error on connect(): %s", e)
  File "/home/airflow/.local/lib/python3.8/site-packages/sqlalchemy/util/langhelpers.py", line 70, in __exit__
    compat.raise_(
  File "/home/airflow/.local/lib/python3.8/site-packages/sqlalchemy/util/compat.py", line 211, in raise_
    raise exception
  File "/home/airflow/.local/lib/python3.8/site-packages/sqlalchemy/pool/base.py", line 686, in __connect
    self.dbapi_connection = connection = pool._invoke_creator(self)
  File "/home/airflow/.local/lib/python3.8/site-packages/sqlalchemy/engine/create.py", line 574, in connect
    return dialect.connect(*cargs, **cparams)
  File "/home/airflow/.local/lib/python3.8/site-packages/sqlalchemy/engine/default.py", line 598, in connect
    return self.dbapi.connect(*cargs, **cparams)
  File "/home/airflow/.local/lib/python3.8/site-packages/psycopg2/__init__.py", line 122, in connect
    conn = _connect(dsn, connection_factory=connection_factory, **kwasync)
sqlalchemy.exc.OperationalError: (psycopg2.OperationalError) could not translate host name "postgres" to address: Temporary failure in name resolution

(Background on this error at: https://sqlalche.me/e/14/e3q8)
